******************************************************************************
             TMS320C2000 Linker PC v21.6.0                     
******************************************************************************
>> Linked Sun Aug  7 20:23:11 2022

OUTPUT FILE NAME:   <FSM_GSM.out>
ENTRY POINT SYMBOL: "code_start"  address: 00000000


MEMORY CONFIGURATION

         name            origin    length      used     unused   attr    fill
----------------------  --------  ---------  --------  --------  ----  --------
  BEGIN                 00000000   00000002  00000002  00000000  RWIX
  BOOT_RSVD             00000002   00000126  00000000  00000126  RWIX
  RAMM0                 00000128   000002d8  00000020  000002b8  RWIX
  RAMM1                 00000400   000003f8  00000200  000001f8  RWIX
  RAMLS4567             0000a000   00002000  00000d19  000012e7  RWIX
  RAMGS0                0000c000   000007f8  00000297  00000561  RWIX
  FLASH_BANK0_SEC0      00080002   00000ffe  00000000  00000ffe  RWIX
  FLASH_BANK0_SEC1      00081000   00001000  00000000  00001000  RWIX
  FLASH_BANK0_SEC2      00082000   00001000  00000000  00001000  RWIX
  FLASH_BANK0_SEC3      00083000   00001000  00000000  00001000  RWIX
  FLASH_BANK0_SEC4      00084000   00001000  00000000  00001000  RWIX
  FLASH_BANK0_SEC5      00085000   00001000  00000000  00001000  RWIX
  FLASH_BANK0_SEC6      00086000   00001000  00000000  00001000  RWIX
  FLASH_BANK0_SEC7      00087000   00001000  00000000  00001000  RWIX
  FLASH_BANK0_SEC8      00088000   00001000  00000000  00001000  RWIX
  FLASH_BANK0_SEC9      00089000   00001000  00000000  00001000  RWIX
  FLASH_BANK0_SEC10     0008a000   00001000  00000000  00001000  RWIX
  FLASH_BANK0_SEC11     0008b000   00001000  00000000  00001000  RWIX
  FLASH_BANK0_SEC12     0008c000   00001000  00000000  00001000  RWIX
  FLASH_BANK0_SEC13     0008d000   00001000  00000000  00001000  RWIX
  FLASH_BANK0_SEC14     0008e000   00001000  00000000  00001000  RWIX
  FLASH_BANK0_SEC15     0008f000   00000ff8  00000000  00000ff8  RWIX
  BOOTROM               003f0000   00008000  00000000  00008000  RWIX
  BOOTROM_EXT           003f8000   00007fc0  00000000  00007fc0  RWIX
  RESET                 003fffc0   00000002  00000000  00000002  RWIX


SECTION ALLOCATION MAP

 output                                  attributes/
section   page    origin      length       input sections
--------  ----  ----------  ----------   ----------------
.TI.ramfunc 
*          0    00000128    00000004     
                  00000128    00000004     driverlib.lib : sysctl.obj (.TI.ramfunc)

.cinit     0    0000012c    0000001c     
                  0000012c    00000009     (.cinit..data.load) [load image, compression = lzss]
                  00000135    00000001     --HOLE-- [fill = 0]
                  00000136    00000006     (__TI_handler_table)
                  0000013c    00000004     (.cinit..bss.load) [load image, compression = zero_init]
                  00000140    00000008     (__TI_cinit_table)

.text      0    0000a000    00000d0c     
                  0000a000    00000133     driverlib.lib : sysctl.obj (.text:SysCtl_setClock)
                  0000a133    000000fe                   : sysctl.obj (.text:SysCtl_isPLLValid)
                  0000a231    00000091     main.obj (.text:main)
                  0000a2c2    0000008a     main.obj (.text:UartConfig)
                  0000a34c    00000088     rts2800_fpu32_eabi.lib : fs_div28.asm.obj (.text)
                  0000a3d4    0000007a     driverlib.lib : sysctl.obj (.text:DCC_setCounterSeeds)
                  0000a44e    00000060     main.obj (.text:RxHandler)
                  0000a4ae    00000060     driverlib.lib : sysctl.obj (.text:SysCtl_getClock)
                  0000a50e    00000052                   : gpio.obj (.text:GPIO_setPadConfig)
                  0000a560    00000046                   : sci.obj (.text:SCI_clearInterruptStatus)
                  0000a5a6    00000045     main.obj (.text:GPIO_writePin)
                  0000a5eb    00000044     driverlib.lib : sci.obj (.text:SCI_enableInterrupt)
                  0000a62f    00000043                   : sysctl.obj (.text:SysCtl_selectOscSource)
                  0000a672    00000041                   : sci.obj (.text:SCI_writeCharArray)
                  0000a6b3    0000003e                   : sci.obj (.text:SCI_setConfig)
                  0000a6f1    0000003d                   : interrupt.obj (.text:Interrupt_initModule)
                  0000a72e    0000003b                   : sci.obj (.text:SCI_readCharArray)
                  0000a769    00000038                   : gpio.obj (.text:GPIO_setQualificationMode)
                  0000a7a1    00000037                   : gpio.obj (.text:GPIO_setPinConfig)
                  0000a7d8    00000031                   : gpio.obj (.text:GPIO_setDirectionMode)
                  0000a809    00000031     rts2800_fpu32_eabi.lib : copy_decompress_lzss.c.obj (.text:decompress:lzss)
                  0000a83a    0000002b     driverlib.lib : sysctl.obj (.text:SysCtl_selectXTAL)
                  0000a865    0000002b     rts2800_fpu32_eabi.lib : autoinit.c.obj (.text:__TI_auto_init_nobinit_nopinit)
                  0000a890    00000029                            : exit.c.obj (.text)
                  0000a8b9    00000027     main.obj (.text:SCI_setFIFOInterruptLevel)
                  0000a8e0    00000026     driverlib.lib : sysctl.obj (.text:SysCtl_pollX1Counter)
                  0000a906    00000025                   : sysctl.obj (.text:DCC_enableSingleShotMode)
                  0000a92b    00000024     main.obj (.text:gsmStartUp)
                  0000a94f    00000022     driverlib.lib : sci.obj (.text:SCI_isFIFOEnabled)
                  0000a971    0000001f                   : sysctl.obj (.text:DCC_setCounter0ClkSource)
                  0000a990    0000001f                   : sysctl.obj (.text:DCC_setCounter1ClkSource)
                  0000a9af    0000001e                   : interrupt.obj (.text:Interrupt_initVectorTable)
                  0000a9cd    0000001e     main.obj (.text:SCI_enableFIFO)
                  0000a9eb    0000001d     rts2800_fpu32_eabi.lib : memcpy.c.obj (.text)
                  0000aa08    0000001b     driverlib.lib : sci.obj (.text:SCI_isDataAvailableNonFIFO)
                  0000aa23    0000001b                   : sci.obj (.text:SCI_isSpaceAvailableNonFIFO)
                  0000aa3e    0000001a                   : sysctl.obj (.text:SysCtl_selectXTALSingleEnded)
                  0000aa58    00000019                   : sci.obj (.text:SCI_disableModule)
                  0000aa71    00000019                   : sci.obj (.text:SCI_performSoftwareReset)
                  0000aa8a    00000019     main.obj (.text:SCI_performSoftwareReset)
                  0000aaa3    00000019     main.obj (.text:SCI_resetChannels)
                  0000aabc    00000019     main.obj (.text:SCI_resetRxFIFO)
                  0000aad5    00000019     main.obj (.text:SCI_resetTxFIFO)
                  0000aaee    00000017     driverlib.lib : sysctl.obj (.text:DCC_disableDoneSignal)
                  0000ab05    00000017                   : sysctl.obj (.text:SysCtl_enablePeripheral)
                  0000ab1c    00000017     main.obj (.text:SysCtl_enablePeripheral)
                  0000ab33    00000017     rts2800_fpu32_eabi.lib : boot28.asm.obj (.text)
                  0000ab4a    00000016     driverlib.lib : sysctl.obj (.text:DCC_clearDoneFlag)
                  0000ab60    00000016                   : sysctl.obj (.text:DCC_clearErrorFlag)
                  0000ab76    00000016                   : sysctl.obj (.text:DCC_disableErrorSignal)
                  0000ab8c    00000015                   : sysctl.obj (.text:DCC_isBaseValid)
                  0000aba1    00000015                   : sci.obj (.text:SCI_getRxFIFOStatus)
                  0000abb6    00000015                   : sci.obj (.text:SCI_getTxFIFOStatus)
                  0000abcb    00000014                   : sysctl.obj (.text:DCC_disableModule)
                  0000abdf    00000014                   : sysctl.obj (.text:DCC_enableModule)
                  0000abf3    00000014                   : gpio.obj (.text:GPIO_isPinValid)
                  0000ac07    00000014     main.obj (.text:GPIO_isPinValid)
                  0000ac1b    00000014     main.obj (.text:SCI_clearOverflowStatus)
                  0000ac2f    00000014     driverlib.lib : sci.obj (.text:SCI_enableModule)
                  0000ac43    00000014     main.obj (.text:SCI_enableModule)
                  0000ac57    00000010     driverlib.lib : sci.obj (.text:SCI_isBaseValid)
                  0000ac67    00000010     main.obj (.text:SCI_isBaseValid)
                  0000ac77    0000000f     main.obj (.text:Interrupt_register)
                  0000ac86    0000000e     driverlib.lib : interrupt.obj (.text:Interrupt_defaultHandler)
                  0000ac94    0000000d                   : interrupt.obj (.text:Interrupt_disableMaster)
                  0000aca1    0000000d     rts2800_fpu32_eabi.lib : copy_zero_init.c.obj (.text:decompress:ZI:__TI_zero_init_nomemset)
                  0000acae    0000000c     driverlib.lib : sysctl.obj (.text:SysCtl_setPLLSysClk)
                  0000acba    0000000c     rts2800_fpu32_eabi.lib : args_main.c.obj (.text)
                  0000acc6    0000000b     driverlib.lib : sysctl.obj (.text:SysCtl_isMCDClockFailureDetected)
                  0000acd1    00000009     rts2800_fpu32_eabi.lib : _lock.c.obj (.text)
                  0000acda    00000008                            : copy_decompress_none.c.obj (.text:decompress:none)
                  0000ace2    00000008     f28002x_codestartbranch.obj (.text)
                  0000acea    00000007     driverlib.lib : sysctl.obj (.text:SysCtl_resetMCD)
                  0000acf1    00000007     main.obj (.text:SysCtl_resetMCD)
                  0000acf8    00000007     device.obj (.text:__error__)
                  0000acff    00000006     main.obj (.text:Interrupt_clearACKGroup)
                  0000ad05    00000002     driverlib.lib : interrupt.obj (.text:Interrupt_illegalOperationHandler)
                  0000ad07    00000002                   : interrupt.obj (.text:Interrupt_nmiHandler)
                  0000ad09    00000002     rts2800_fpu32_eabi.lib : pre_init.c.obj (.text)
                  0000ad0b    00000001                            : startup.c.obj (.text)

.reset     0    003fffc0    00000000     DSECT

codestart 
*          0    00000000    00000002     
                  00000000    00000002     f28002x_codestartbranch.obj (codestart)

.stack     0    00000400    00000200     UNINITIALIZED
                  00000400    00000200     --HOLE--

.bss       0    0000ad0c    00000002     UNINITIALIZED
                  0000ad0c    00000002     main.obj (.bss)

.init_array 
*          0    00000128    00000000     UNINITIALIZED

.data      0    0000ad0e    0000000b     UNINITIALIZED
                  0000ad0e    00000006     rts2800_fpu32_eabi.lib : exit.c.obj (.data)
                  0000ad14    00000002                            : _lock.c.obj (.data:_lock)
                  0000ad16    00000002                            : _lock.c.obj (.data:_unlock)
                  0000ad18    00000001     main.obj (.data)

.const     0    0000c000    00000297     
                  0000c000    000000ce     main.obj (.const:.string)
                  0000c0ce    0000009a     driverlib.lib : sysctl.obj (.const:.string)
                  0000c168    00000098                   : gpio.obj (.const:.string)
                  0000c200    00000097                   : sci.obj (.const:.string)

MODULE SUMMARY

       Module                        code   ro data   rw data
       ------                        ----   -------   -------
    .\
       main.obj                      780    206       3      
    +--+-----------------------------+------+---------+---------+
       Total:                        780    206       3      
                                                             
    .\device\
       f28002x_codestartbranch.obj   10     0         0      
       device.obj                    7      0         0      
    +--+-----------------------------+------+---------+---------+
       Total:                        17     0         0      
                                                             
    C:/ti/C2000Ware_4_01_00_00/driverlib/f28002x/driverlib/ccs/Debug/driverlib.lib
       sysctl.obj                    1259   154       0      
       sci.obj                       540    151       0      
       gpio.obj                      262    152       0      
       interrupt.obj                 122    0         0      
    +--+-----------------------------+------+---------+---------+
       Total:                        2183   457       0      
                                                             
    C:\ti\ccs1110\ccs\tools\compiler\ti-cgt-c2000_21.6.0.LTS\lib\rts2800_fpu32_eabi.lib
       fs_div28.asm.obj              136    0         0      
       copy_decompress_lzss.c.obj    49     0         0      
       exit.c.obj                    41     0         6      
       autoinit.c.obj                43     0         0      
       memcpy.c.obj                  29     0         0      
       boot28.asm.obj                23     0         0      
       _lock.c.obj                   9      0         4      
       copy_zero_init.c.obj          13     0         0      
       args_main.c.obj               12     0         0      
       copy_decompress_none.c.obj    8      0         0      
       pre_init.c.obj                2      0         0      
       startup.c.obj                 1      0         0      
    +--+-----------------------------+------+---------+---------+
       Total:                        366    0         10     
                                                             
       Stack:                        0      0         512    
       Linker Generated:             0      27        0      
    +--+-----------------------------+------+---------+---------+
       Grand Total:                  3346   690       525    


LINKER GENERATED COPY TABLES

__TI_cinit_table @ 00000140 records: 2, size/record: 4, table size: 8
	.data: load addr=0000012c, load size=00000009 bytes, run addr=0000ad0e, run size=0000000b bytes, compression=lzss
	.bss: load addr=0000013c, load size=00000004 bytes, run addr=0000ad0c, run size=00000002 bytes, compression=zero_init


LINKER GENERATED HANDLER TABLE

__TI_handler_table @ 00000136 records: 3, size/record: 2, table size: 6
	index: 0, handler: __TI_zero_init
	index: 1, handler: __TI_decompress_lzss
	index: 2, handler: __TI_decompress_none


GLOBAL DATA SYMBOLS: SORTED BY DATA PAGE

address     data page           name
--------    ----------------    ----
00000400      10 (00000400)     __stack

0000ad0c     2b4 (0000ad00)     messageOut
0000ad0e     2b4 (0000ad00)     __TI_enable_exit_profile_output
0000ad10     2b4 (0000ad00)     __TI_cleanup_ptr
0000ad12     2b4 (0000ad00)     __TI_dtors_ptr
0000ad14     2b4 (0000ad00)     _lock
0000ad16     2b4 (0000ad00)     _unlock
0000ad18     2b4 (0000ad00)     fsmGsmState


GLOBAL SYMBOLS: SORTED ALPHABETICALLY BY Name 

page  address   name                           
----  -------   ----                           
0     0000a890  C$$EXIT                        
0     0000a7d8  GPIO_setDirectionMode          
0     0000a50e  GPIO_setPadConfig              
0     0000a7a1  GPIO_setPinConfig              
0     0000a769  GPIO_setQualificationMode      
0     0000a6f1  Interrupt_initModule           
0     0000a9af  Interrupt_initVectorTable      
0     0000a44e  RxHandler                      
0     0000a560  SCI_clearInterruptStatus       
0     0000a5eb  SCI_enableInterrupt            
0     0000a72e  SCI_readCharArray              
0     0000a6b3  SCI_setConfig                  
0     0000a672  SCI_writeCharArray             
0     00000128  SysCtl_delay                   
0     0000a4ae  SysCtl_getClock                
0     0000a133  SysCtl_isPLLValid              
0     0000a62f  SysCtl_selectOscSource         
0     0000a83a  SysCtl_selectXTAL              
0     0000aa3e  SysCtl_selectXTALSingleEnded   
0     0000a000  SysCtl_setClock                
0     0000a2c2  UartConfig                     
0     00000140  __TI_CINIT_Base                
0     00000148  __TI_CINIT_Limit               
0     00000148  __TI_CINIT_Warm                
0     00000136  __TI_Handler_Table_Base        
0     0000013c  __TI_Handler_Table_Limit       
0     00000600  __TI_STACK_END                 
abs   00000200  __TI_STACK_SIZE                
0     0000a865  __TI_auto_init_nobinit_nopinit 
0     0000ad10  __TI_cleanup_ptr               
0     0000a809  __TI_decompress_lzss           
0     0000acda  __TI_decompress_none           
0     0000ad12  __TI_dtors_ptr                 
0     0000ad0e  __TI_enable_exit_profile_output
abs   ffffffff  __TI_pprof_out_hndl            
abs   ffffffff  __TI_prof_data_size            
abs   ffffffff  __TI_prof_data_start           
0     0000aca1  __TI_zero_init_nomemset        
0     0000a34c  __c28xabi_divf                 
n/a   UNDEFED   __c_args__                     
0     0000acf8  __error__                      
0     00000400  __stack                        
0     0000acba  _args_main                     
0     0000ab33  _c_int00                       
0     0000ad14  _lock                          
0     0000acd9  _nop                           
0     0000acd5  _register_lock                 
0     0000acd1  _register_unlock               
0     0000ad0b  _system_post_cinit             
0     0000ad09  _system_pre_init               
0     0000ad16  _unlock                        
0     0000a890  abort                          
0     00000000  code_start                     
0     0000a892  exit                           
0     0000ad18  fsmGsmState                    
0     0000a92b  gsmStartUp                     
0     0000a231  main                           
0     0000a9eb  memcpy                         
0     0000ad0c  messageOut                     


GLOBAL SYMBOLS: SORTED BY Symbol Address 

page  address   name                           
----  -------   ----                           
0     00000000  code_start                     
0     00000128  SysCtl_delay                   
0     00000136  __TI_Handler_Table_Base        
0     0000013c  __TI_Handler_Table_Limit       
0     00000140  __TI_CINIT_Base                
0     00000148  __TI_CINIT_Limit               
0     00000148  __TI_CINIT_Warm                
0     00000400  __stack                        
0     00000600  __TI_STACK_END                 
0     0000a000  SysCtl_setClock                
0     0000a133  SysCtl_isPLLValid              
0     0000a231  main                           
0     0000a2c2  UartConfig                     
0     0000a34c  __c28xabi_divf                 
0     0000a44e  RxHandler                      
0     0000a4ae  SysCtl_getClock                
0     0000a50e  GPIO_setPadConfig              
0     0000a560  SCI_clearInterruptStatus       
0     0000a5eb  SCI_enableInterrupt            
0     0000a62f  SysCtl_selectOscSource         
0     0000a672  SCI_writeCharArray             
0     0000a6b3  SCI_setConfig                  
0     0000a6f1  Interrupt_initModule           
0     0000a72e  SCI_readCharArray              
0     0000a769  GPIO_setQualificationMode      
0     0000a7a1  GPIO_setPinConfig              
0     0000a7d8  GPIO_setDirectionMode          
0     0000a809  __TI_decompress_lzss           
0     0000a83a  SysCtl_selectXTAL              
0     0000a865  __TI_auto_init_nobinit_nopinit 
0     0000a890  C$$EXIT                        
0     0000a890  abort                          
0     0000a892  exit                           
0     0000a92b  gsmStartUp                     
0     0000a9af  Interrupt_initVectorTable      
0     0000a9eb  memcpy                         
0     0000aa3e  SysCtl_selectXTALSingleEnded   
0     0000ab33  _c_int00                       
0     0000aca1  __TI_zero_init_nomemset        
0     0000acba  _args_main                     
0     0000acd1  _register_unlock               
0     0000acd5  _register_lock                 
0     0000acd9  _nop                           
0     0000acda  __TI_decompress_none           
0     0000acf8  __error__                      
0     0000ad09  _system_pre_init               
0     0000ad0b  _system_post_cinit             
0     0000ad0c  messageOut                     
0     0000ad0e  __TI_enable_exit_profile_output
0     0000ad10  __TI_cleanup_ptr               
0     0000ad12  __TI_dtors_ptr                 
0     0000ad14  _lock                          
0     0000ad16  _unlock                        
0     0000ad18  fsmGsmState                    
abs   00000200  __TI_STACK_SIZE                
abs   ffffffff  __TI_pprof_out_hndl            
abs   ffffffff  __TI_prof_data_size            
abs   ffffffff  __TI_prof_data_start           
n/a   UNDEFED   __c_args__                     

[59 symbols]
