******************************************************************************
             TMS320C2000 Linker PC v21.6.0                     
******************************************************************************
>> Linked Mon Aug 29 21:57:09 2022

OUTPUT FILE NAME:   <FSM_GSM.out>
ENTRY POINT SYMBOL: "code_start"  address: 00000000


MEMORY CONFIGURATION

         name            origin    length      used     unused   attr    fill
----------------------  --------  ---------  --------  --------  ----  --------
  BEGIN                 00000000   00000002  00000002  00000000  RWIX
  BOOT_RSVD             00000002   00000126  00000000  00000126  RWIX
  RAMM0                 00000128   000002d8  0000004a  0000028e  RWIX
  RAMM1                 00000400   000003f8  00000200  000001f8  RWIX
  RAMLS4567             0000a000   00002000  00000def  00001211  RWIX
  RAMGS0                0000c000   000007f8  000002bd  0000053b  RWIX
  FLASH_BANK0_SEC0      00080002   00000ffe  00000000  00000ffe  RWIX
  FLASH_BANK0_SEC1      00081000   00001000  00000000  00001000  RWIX
  FLASH_BANK0_SEC2      00082000   00001000  00000000  00001000  RWIX
  FLASH_BANK0_SEC3      00083000   00001000  00000000  00001000  RWIX
  FLASH_BANK0_SEC4      00084000   00001000  00000000  00001000  RWIX
  FLASH_BANK0_SEC5      00085000   00001000  00000000  00001000  RWIX
  FLASH_BANK0_SEC6      00086000   00001000  00000000  00001000  RWIX
  FLASH_BANK0_SEC7      00087000   00001000  00000000  00001000  RWIX
  FLASH_BANK0_SEC8      00088000   00001000  00000000  00001000  RWIX
  FLASH_BANK0_SEC9      00089000   00001000  00000000  00001000  RWIX
  FLASH_BANK0_SEC10     0008a000   00001000  00000000  00001000  RWIX
  FLASH_BANK0_SEC11     0008b000   00001000  00000000  00001000  RWIX
  FLASH_BANK0_SEC12     0008c000   00001000  00000000  00001000  RWIX
  FLASH_BANK0_SEC13     0008d000   00001000  00000000  00001000  RWIX
  FLASH_BANK0_SEC14     0008e000   00001000  00000000  00001000  RWIX
  FLASH_BANK0_SEC15     0008f000   00000ff8  00000000  00000ff8  RWIX
  BOOTROM               003f0000   00008000  00000000  00008000  RWIX
  BOOTROM_EXT           003f8000   00007fc0  00000000  00007fc0  RWIX
  RESET                 003fffc0   00000002  00000000  00000002  RWIX


SECTION ALLOCATION MAP

 output                                  attributes/
section   page    origin      length       input sections
--------  ----  ----------  ----------   ----------------
.switch    0    00000128    00000036     
                  00000128    00000036     main.obj (.switch:RxHandler)

.TI.ramfunc 
*          0    0000015e    00000004     
                  0000015e    00000004     driverlib.lib : sysctl.obj (.TI.ramfunc)

.cinit     0    00000164    00000010     
                  00000164    00000008     (.cinit..data.load) [load image, compression = lzss]
                  0000016c    00000004     (__TI_handler_table)
                  00000170    00000004     (__TI_cinit_table)

.text      0    0000a000    00000de1     
                  0000a000    00000141     main.obj (.text:RxHandler)
                  0000a141    00000133     driverlib.lib : sysctl.obj (.text:SysCtl_setClock)
                  0000a274    000000fe                   : sysctl.obj (.text:SysCtl_isPLLValid)
                  0000a372    000000a9     main.obj (.text:main)
                  0000a41b    0000008f     main.obj (.text:UartConfig)
                  0000a4aa    00000088     rts2800_fpu32_eabi.lib : fs_div28.asm.obj (.text)
                  0000a532    0000007a     driverlib.lib : sysctl.obj (.text:DCC_setCounterSeeds)
                  0000a5ac    00000060                   : sysctl.obj (.text:SysCtl_getClock)
                  0000a60c    00000052                   : gpio.obj (.text:GPIO_setPadConfig)
                  0000a65e    00000046                   : sci.obj (.text:SCI_clearInterruptStatus)
                  0000a6a4    00000044                   : sci.obj (.text:SCI_enableInterrupt)
                  0000a6e8    00000043                   : sysctl.obj (.text:SysCtl_selectOscSource)
                  0000a72b    00000041                   : sci.obj (.text:SCI_writeCharArray)
                  0000a76c    0000003e                   : sci.obj (.text:SCI_setConfig)
                  0000a7aa    0000003d                   : interrupt.obj (.text:Interrupt_initModule)
                  0000a7e7    0000003b                   : sci.obj (.text:SCI_readCharArray)
                  0000a822    00000038                   : gpio.obj (.text:GPIO_setQualificationMode)
                  0000a85a    00000037                   : gpio.obj (.text:GPIO_setPinConfig)
                  0000a891    00000034                   : interrupt.obj (.text:Interrupt_enable)
                  0000a8c5    00000031                   : gpio.obj (.text:GPIO_setDirectionMode)
                  0000a8f6    00000031     rts2800_fpu32_eabi.lib : copy_decompress_lzss.c.obj (.text:decompress:lzss)
                  0000a927    0000002b     driverlib.lib : sysctl.obj (.text:SysCtl_selectXTAL)
                  0000a952    0000002b     rts2800_fpu32_eabi.lib : autoinit.c.obj (.text:__TI_auto_init_nobinit_nopinit)
                  0000a97d    00000029                            : exit.c.obj (.text)
                  0000a9a6    00000027     main.obj (.text:SCI_setFIFOInterruptLevel)
                  0000a9cd    00000026     driverlib.lib : sysctl.obj (.text:SysCtl_pollX1Counter)
                  0000a9f3    00000025                   : sysctl.obj (.text:DCC_enableSingleShotMode)
                  0000aa18    00000022                   : sci.obj (.text:SCI_isFIFOEnabled)
                  0000aa3a    00000020     main.obj (.text:gsmSend)
                  0000aa5a    0000001f     driverlib.lib : sysctl.obj (.text:DCC_setCounter0ClkSource)
                  0000aa79    0000001f                   : sysctl.obj (.text:DCC_setCounter1ClkSource)
                  0000aa98    0000001e                   : interrupt.obj (.text:Interrupt_initVectorTable)
                  0000aab6    0000001e     main.obj (.text:SCI_enableFIFO)
                  0000aad4    0000001d     rts2800_fpu32_eabi.lib : memcpy.c.obj (.text)
                  0000aaf1    0000001b     driverlib.lib : sci.obj (.text:SCI_isDataAvailableNonFIFO)
                  0000ab0c    0000001b                   : sci.obj (.text:SCI_isSpaceAvailableNonFIFO)
                  0000ab27    0000001a                   : sysctl.obj (.text:SysCtl_selectXTALSingleEnded)
                  0000ab41    00000019                   : sci.obj (.text:SCI_disableModule)
                  0000ab5a    00000019                   : sci.obj (.text:SCI_performSoftwareReset)
                  0000ab73    00000019     main.obj (.text:SCI_performSoftwareReset)
                  0000ab8c    00000019     main.obj (.text:SCI_resetChannels)
                  0000aba5    00000019     main.obj (.text:SCI_resetRxFIFO)
                  0000abbe    00000019     main.obj (.text:SCI_resetTxFIFO)
                  0000abd7    00000017     driverlib.lib : sysctl.obj (.text:DCC_disableDoneSignal)
                  0000abee    00000017                   : sysctl.obj (.text:SysCtl_enablePeripheral)
                  0000ac05    00000017     main.obj (.text:SysCtl_enablePeripheral)
                  0000ac1c    00000017     rts2800_fpu32_eabi.lib : boot28.asm.obj (.text)
                  0000ac33    00000016     driverlib.lib : sysctl.obj (.text:DCC_clearDoneFlag)
                  0000ac49    00000016                   : sysctl.obj (.text:DCC_clearErrorFlag)
                  0000ac5f    00000016                   : sysctl.obj (.text:DCC_disableErrorSignal)
                  0000ac75    00000015                   : sysctl.obj (.text:DCC_isBaseValid)
                  0000ac8a    00000015                   : sci.obj (.text:SCI_getRxFIFOStatus)
                  0000ac9f    00000015                   : sci.obj (.text:SCI_getTxFIFOStatus)
                  0000acb4    00000014                   : sysctl.obj (.text:DCC_disableModule)
                  0000acc8    00000014                   : sysctl.obj (.text:DCC_enableModule)
                  0000acdc    00000014                   : gpio.obj (.text:GPIO_isPinValid)
                  0000acf0    00000014     main.obj (.text:SCI_clearOverflowStatus)
                  0000ad04    00000014     driverlib.lib : sci.obj (.text:SCI_enableModule)
                  0000ad18    00000014     main.obj (.text:SCI_enableModule)
                  0000ad2c    00000010     driverlib.lib : sci.obj (.text:SCI_isBaseValid)
                  0000ad3c    00000010     main.obj (.text:SCI_isBaseValid)
                  0000ad4c    0000000f     main.obj (.text:Interrupt_register)
                  0000ad5b    0000000e     driverlib.lib : interrupt.obj (.text:Interrupt_defaultHandler)
                  0000ad69    0000000d                   : interrupt.obj (.text:Interrupt_disableMaster)
                  0000ad76    0000000d                   : interrupt.obj (.text:Interrupt_enableMaster)
                  0000ad83    0000000c                   : sysctl.obj (.text:SysCtl_setPLLSysClk)
                  0000ad8f    0000000c     rts2800_fpu32_eabi.lib : args_main.c.obj (.text)
                  0000ad9b    0000000b     driverlib.lib : sysctl.obj (.text:SysCtl_isMCDClockFailureDetected)
                  0000ada6    00000009     rts2800_fpu32_eabi.lib : _lock.c.obj (.text)
                  0000adaf    00000008                            : copy_decompress_none.c.obj (.text:decompress:none)
                  0000adb7    00000008     f28002x_codestartbranch.obj (.text)
                  0000adbf    00000007     driverlib.lib : sysctl.obj (.text:SysCtl_resetMCD)
                  0000adc6    00000007     main.obj (.text:SysCtl_resetMCD)
                  0000adcd    00000007     device.obj (.text:__error__)
                  0000add4    00000006     main.obj (.text:Interrupt_clearACKGroup)
                  0000adda    00000002     driverlib.lib : interrupt.obj (.text:Interrupt_illegalOperationHandler)
                  0000addc    00000002                   : interrupt.obj (.text:Interrupt_nmiHandler)
                  0000adde    00000002     rts2800_fpu32_eabi.lib : pre_init.c.obj (.text)
                  0000ade0    00000001                            : startup.c.obj (.text)

.reset     0    003fffc0    00000000     DSECT

codestart 
*          0    00000000    00000002     
                  00000000    00000002     f28002x_codestartbranch.obj (codestart)

.stack     0    00000400    00000200     UNINITIALIZED
                  00000400    00000200     --HOLE--

.init_array 
*          0    00000128    00000000     UNINITIALIZED

.data      0    0000ade2    0000000e     UNINITIALIZED
                  0000ade2    00000006     rts2800_fpu32_eabi.lib : exit.c.obj (.data)
                  0000ade8    00000003     main.obj (.data)
                  0000adeb    00000001     --HOLE--
                  0000adec    00000002     rts2800_fpu32_eabi.lib : _lock.c.obj (.data:_lock)
                  0000adee    00000002                            : _lock.c.obj (.data:_unlock)

.const     0    0000c000    000002bd     
                  0000c000    000000f4     main.obj (.const:.string)
                  0000c0f4    0000009a     driverlib.lib : sysctl.obj (.const:.string)
                  0000c18e    00000098                   : gpio.obj (.const:.string)
                  0000c226    00000097                   : sci.obj (.const:.string)

MODULE SUMMARY

       Module                        code   ro data   rw data
       ------                        ----   -------   -------
    .\
       main.obj                      941    298       3      
    +--+-----------------------------+------+---------+---------+
       Total:                        941    298       3      
                                                             
    .\device\
       f28002x_codestartbranch.obj   10     0         0      
       device.obj                    7      0         0      
    +--+-----------------------------+------+---------+---------+
       Total:                        17     0         0      
                                                             
    D:/SDKs/ti/c2000/C2000Ware_4_01_00_00/driverlib/f28002x/driverlib/ccs/Debug/driverlib.lib
       sysctl.obj                    1259   154       0      
       sci.obj                       540    151       0      
       gpio.obj                      262    152       0      
       interrupt.obj                 187    0         0      
    +--+-----------------------------+------+---------+---------+
       Total:                        2248   457       0      
                                                             
    D:\programas\ti\ccs\tools\compiler\ti-cgt-c2000_21.6.0.LTS\lib\rts2800_fpu32_eabi.lib
       fs_div28.asm.obj              136    0         0      
       copy_decompress_lzss.c.obj    49     0         0      
       exit.c.obj                    41     0         6      
       autoinit.c.obj                43     0         0      
       memcpy.c.obj                  29     0         0      
       boot28.asm.obj                23     0         0      
       _lock.c.obj                   9      0         4      
       args_main.c.obj               12     0         0      
       copy_decompress_none.c.obj    8      0         0      
       pre_init.c.obj                2      0         0      
       startup.c.obj                 1      0         0      
    +--+-----------------------------+------+---------+---------+
       Total:                        353    0         10     
                                                             
       Stack:                        0      0         512    
       Linker Generated:             0      16        0      
    +--+-----------------------------+------+---------+---------+
       Grand Total:                  3559   771       525    


LINKER GENERATED COPY TABLES

__TI_cinit_table @ 00000170 records: 1, size/record: 4, table size: 4
	.data: load addr=00000164, load size=00000008 bytes, run addr=0000ade2, run size=0000000e bytes, compression=lzss


LINKER GENERATED HANDLER TABLE

__TI_handler_table @ 0000016c records: 2, size/record: 2, table size: 4
	index: 0, handler: __TI_decompress_lzss
	index: 1, handler: __TI_decompress_none


GLOBAL DATA SYMBOLS: SORTED BY DATA PAGE

address     data page           name
--------    ----------------    ----
00000400      10 (00000400)     __stack

0000ade2     2b7 (0000adc0)     __TI_enable_exit_profile_output
0000ade4     2b7 (0000adc0)     __TI_cleanup_ptr
0000ade6     2b7 (0000adc0)     __TI_dtors_ptr
0000ade8     2b7 (0000adc0)     fsmGsmState
0000ade9     2b7 (0000adc0)     flags_rx
0000adea     2b7 (0000adc0)     mainFsm
0000adec     2b7 (0000adc0)     _lock
0000adee     2b7 (0000adc0)     _unlock


GLOBAL SYMBOLS: SORTED ALPHABETICALLY BY Name 

page  address   name                           
----  -------   ----                           
0     0000a97d  C$$EXIT                        
0     0000a8c5  GPIO_setDirectionMode          
0     0000a60c  GPIO_setPadConfig              
0     0000a85a  GPIO_setPinConfig              
0     0000a822  GPIO_setQualificationMode      
0     0000a891  Interrupt_enable               
0     0000a7aa  Interrupt_initModule           
0     0000aa98  Interrupt_initVectorTable      
0     0000a000  RxHandler                      
0     0000a65e  SCI_clearInterruptStatus       
0     0000a6a4  SCI_enableInterrupt            
0     0000a7e7  SCI_readCharArray              
0     0000a76c  SCI_setConfig                  
0     0000a72b  SCI_writeCharArray             
0     0000015e  SysCtl_delay                   
0     0000a5ac  SysCtl_getClock                
0     0000a274  SysCtl_isPLLValid              
0     0000a6e8  SysCtl_selectOscSource         
0     0000a927  SysCtl_selectXTAL              
0     0000ab27  SysCtl_selectXTALSingleEnded   
0     0000a141  SysCtl_setClock                
0     0000a41b  UartConfig                     
0     00000170  __TI_CINIT_Base                
0     00000174  __TI_CINIT_Limit               
0     00000174  __TI_CINIT_Warm                
0     0000016c  __TI_Handler_Table_Base        
0     00000170  __TI_Handler_Table_Limit       
0     00000600  __TI_STACK_END                 
abs   00000200  __TI_STACK_SIZE                
0     0000a952  __TI_auto_init_nobinit_nopinit 
0     0000ade4  __TI_cleanup_ptr               
0     0000a8f6  __TI_decompress_lzss           
0     0000adaf  __TI_decompress_none           
0     0000ade6  __TI_dtors_ptr                 
0     0000ade2  __TI_enable_exit_profile_output
abs   ffffffff  __TI_pprof_out_hndl            
abs   ffffffff  __TI_prof_data_size            
abs   ffffffff  __TI_prof_data_start           
0     0000a4aa  __c28xabi_divf                 
n/a   UNDEFED   __c_args__                     
0     0000adcd  __error__                      
0     00000400  __stack                        
0     0000ad8f  _args_main                     
0     0000ac1c  _c_int00                       
0     0000adec  _lock                          
0     0000adae  _nop                           
0     0000adaa  _register_lock                 
0     0000ada6  _register_unlock               
0     0000ade0  _system_post_cinit             
0     0000adde  _system_pre_init               
0     0000adee  _unlock                        
0     0000a97d  abort                          
0     00000000  code_start                     
0     0000a97f  exit                           
0     0000ade9  flags_rx                       
0     0000ade8  fsmGsmState                    
0     0000aa3a  gsmSend                        
0     0000a372  main                           
0     0000adea  mainFsm                        
0     0000aad4  memcpy                         


GLOBAL SYMBOLS: SORTED BY Symbol Address 

page  address   name                           
----  -------   ----                           
0     00000000  code_start                     
0     0000015e  SysCtl_delay                   
0     0000016c  __TI_Handler_Table_Base        
0     00000170  __TI_CINIT_Base                
0     00000170  __TI_Handler_Table_Limit       
0     00000174  __TI_CINIT_Limit               
0     00000174  __TI_CINIT_Warm                
0     00000400  __stack                        
0     00000600  __TI_STACK_END                 
0     0000a000  RxHandler                      
0     0000a141  SysCtl_setClock                
0     0000a274  SysCtl_isPLLValid              
0     0000a372  main                           
0     0000a41b  UartConfig                     
0     0000a4aa  __c28xabi_divf                 
0     0000a5ac  SysCtl_getClock                
0     0000a60c  GPIO_setPadConfig              
0     0000a65e  SCI_clearInterruptStatus       
0     0000a6a4  SCI_enableInterrupt            
0     0000a6e8  SysCtl_selectOscSource         
0     0000a72b  SCI_writeCharArray             
0     0000a76c  SCI_setConfig                  
0     0000a7aa  Interrupt_initModule           
0     0000a7e7  SCI_readCharArray              
0     0000a822  GPIO_setQualificationMode      
0     0000a85a  GPIO_setPinConfig              
0     0000a891  Interrupt_enable               
0     0000a8c5  GPIO_setDirectionMode          
0     0000a8f6  __TI_decompress_lzss           
0     0000a927  SysCtl_selectXTAL              
0     0000a952  __TI_auto_init_nobinit_nopinit 
0     0000a97d  C$$EXIT                        
0     0000a97d  abort                          
0     0000a97f  exit                           
0     0000aa3a  gsmSend                        
0     0000aa98  Interrupt_initVectorTable      
0     0000aad4  memcpy                         
0     0000ab27  SysCtl_selectXTALSingleEnded   
0     0000ac1c  _c_int00                       
0     0000ad8f  _args_main                     
0     0000ada6  _register_unlock               
0     0000adaa  _register_lock                 
0     0000adae  _nop                           
0     0000adaf  __TI_decompress_none           
0     0000adcd  __error__                      
0     0000adde  _system_pre_init               
0     0000ade0  _system_post_cinit             
0     0000ade2  __TI_enable_exit_profile_output
0     0000ade4  __TI_cleanup_ptr               
0     0000ade6  __TI_dtors_ptr                 
0     0000ade8  fsmGsmState                    
0     0000ade9  flags_rx                       
0     0000adea  mainFsm                        
0     0000adec  _lock                          
0     0000adee  _unlock                        
abs   00000200  __TI_STACK_SIZE                
abs   ffffffff  __TI_pprof_out_hndl            
abs   ffffffff  __TI_prof_data_size            
abs   ffffffff  __TI_prof_data_start           
n/a   UNDEFED   __c_args__                     

[60 symbols]
